[INFO] Scanning for projects...
[INFO] 
[INFO] -----------------< com.rustbuilder:rust-base-builder >------------------
[INFO] Building Rust Base Builder 1.0-SNAPSHOT
[INFO]   from pom.xml
[INFO] --------------------------------[ jar ]---------------------------------
[WARNING] 6 problems were encountered while building the effective model for org.openjfx:javafx-controls:jar:21 during dependency collection step for project (use -X to see details)
[INFO] 
[INFO] --- resources:3.3.1:resources (default-resources) @ rust-base-builder ---
[INFO] Copying 0 resource from src\main\resources to target\classes
[INFO] 
[INFO] --- compiler:3.11.0:compile (default-compile) @ rust-base-builder ---
[INFO] Changes detected - recompiling the module! :source
[INFO] Compiling 70 source files with javac [debug target 17] to target\classes
[INFO] Some messages have been simplified; recompile with -Xdiags:verbose to get full output
[INFO] -------------------------------------------------------------
[WARNING] COMPILATION WARNING : 
[INFO] -------------------------------------------------------------
[WARNING] system modules path not set in conjunction with -source 17
[INFO] 1 warning
[INFO] -------------------------------------------------------------
[INFO] -------------------------------------------------------------
[ERROR] COMPILATION ERROR : 
[INFO] -------------------------------------------------------------
[ERROR] /D:/project/src/main/java/com/rustbuilder/service/evaluator/HouseEvaluator.java:[8,1] package com.rustbuilder.service.snapping does not exist
[ERROR] /D:/project/src/main/java/com/rustbuilder/service/evaluator/RaidResistanceEvaluator.java:[8,1] package com.rustbuilder.service.snapping does not exist
[ERROR] /D:/project/src/main/java/com/rustbuilder/service/graph/NodeKey.java:[8,1] package com.rustbuilder.service.snapping does not exist
[ERROR] /D:/project/src/main/java/com/rustbuilder/service/evaluator/ResourceCostEvaluator.java:[8,1] package com.rustbuilder.service.snapping does not exist
[ERROR] /D:/project/src/main/java/com/rustbuilder/service/evaluator/LogisticsEvaluator.java:[8,1] package com.rustbuilder.service.snapping does not exist
[ERROR] /D:/project/src/main/java/com/rustbuilder/service/graph/HouseGraph.java:[8,1] package com.rustbuilder.service.snapping does not exist
[ERROR] /D:/project/src/main/java/com/rustbuilder/model/deployable/LootRoom.java:[8,31] cannot find symbol
  symbol: class BuildingBlock
[ERROR] /D:/project/src/main/java/com/rustbuilder/model/deployable/LootRoom.java:[34,20] cannot find symbol
  symbol:   class Socket
  location: class com.rustbuilder.model.deployable.LootRoom
[ERROR] /D:/project/src/main/java/com/rustbuilder/model/deployable/Workbench.java:[8,32] cannot find symbol
  symbol: class BuildingBlock
[ERROR] /D:/project/src/main/java/com/rustbuilder/model/deployable/Workbench.java:[34,20] cannot find symbol
  symbol:   class Socket
  location: class com.rustbuilder.model.deployable.Workbench
[ERROR] /D:/project/src/main/java/com/rustbuilder/model/structure/TriangleFloor.java:[7,36] cannot find symbol
  symbol: class BuildingBlock
[ERROR] /D:/project/src/main/java/com/rustbuilder/model/structure/TriangleFloor.java:[46,20] cannot find symbol
  symbol:   class Socket
  location: class com.rustbuilder.model.structure.TriangleFloor
[ERROR] /D:/project/src/main/java/com/rustbuilder/model/structure/Floor.java:[7,28] cannot find symbol
  symbol: class BuildingBlock
[ERROR] /D:/project/src/main/java/com/rustbuilder/model/structure/Floor.java:[46,20] cannot find symbol
  symbol:   class Socket
  location: class com.rustbuilder.model.structure.Floor
[ERROR] /D:/project/src/main/java/com/rustbuilder/ai/rl/multidiscrete/MultiDiscreteDQNAgent.java:[3,36] cannot find symbol
  symbol:   class ExperienceReplay
  location: package com.rustbuilder.ai.rl.legacy
[ERROR] /D:/project/src/main/java/com/rustbuilder/model/structure/TriangleFoundation.java:[7,41] cannot find symbol
  symbol: class BuildingBlock
[ERROR] /D:/project/src/main/java/com/rustbuilder/model/structure/TriangleFoundation.java:[51,20] cannot find symbol
  symbol:   class Socket
  location: class com.rustbuilder.model.structure.TriangleFoundation
[ERROR] /D:/project/src/main/java/com/rustbuilder/model/structure/Foundation.java:[7,33] cannot find symbol
  symbol: class BuildingBlock
[ERROR] /D:/project/src/main/java/com/rustbuilder/model/structure/Foundation.java:[55,20] cannot find symbol
  symbol:   class Socket
  location: class com.rustbuilder.model.structure.Foundation
[ERROR] /D:/project/src/main/java/com/rustbuilder/model/deployable/ToolCupboard.java:[8,35] cannot find symbol
  symbol: class BuildingBlock
[ERROR] /D:/project/src/main/java/com/rustbuilder/model/deployable/ToolCupboard.java:[35,20] cannot find symbol
  symbol:   class Socket
  location: class com.rustbuilder.model.deployable.ToolCupboard
[ERROR] /D:/project/src/main/java/com/rustbuilder/model/structure/Wall.java:[8,27] cannot find symbol
  symbol: class BuildingBlock
[ERROR] /D:/project/src/main/java/com/rustbuilder/model/structure/Wall.java:[10,13] cannot find symbol
  symbol:   class Orientation
  location: class com.rustbuilder.model.structure.Wall
[ERROR] /D:/project/src/main/java/com/rustbuilder/model/structure/Wall.java:[11,13] cannot find symbol
  symbol:   class DoorType
  location: class com.rustbuilder.model.structure.Wall
[ERROR] /D:/project/src/main/java/com/rustbuilder/model/structure/Wall.java:[13,44] cannot find symbol
  symbol:   class Orientation
  location: class com.rustbuilder.model.structure.Wall
[ERROR] /D:/project/src/main/java/com/rustbuilder/model/structure/Wall.java:[18,12] cannot find symbol
  symbol:   class Orientation
  location: class com.rustbuilder.model.structure.Wall
[ERROR] /D:/project/src/main/java/com/rustbuilder/model/structure/Wall.java:[22,32] cannot find symbol
  symbol:   class Orientation
  location: class com.rustbuilder.model.structure.Wall
[ERROR] /D:/project/src/main/java/com/rustbuilder/model/structure/Wall.java:[27,12] cannot find symbol
  symbol:   class DoorType
  location: class com.rustbuilder.model.structure.Wall
[ERROR] /D:/project/src/main/java/com/rustbuilder/model/structure/Wall.java:[31,29] cannot find symbol
  symbol:   class DoorType
  location: class com.rustbuilder.model.structure.Wall
[ERROR] /D:/project/src/main/java/com/rustbuilder/model/structure/Wall.java:[112,20] cannot find symbol
  symbol:   class Socket
  location: class com.rustbuilder.model.structure.Wall
[ERROR] /D:/project/src/main/java/com/rustbuilder/util/GridPlacementUtils.java:[14,16] cannot find symbol
  symbol:   class Orientation
  location: class com.rustbuilder.util.GridPlacementUtils.Placement
[ERROR] /D:/project/src/main/java/com/rustbuilder/util/GridPlacementUtils.java:[18,63] cannot find symbol
  symbol:   class Orientation
  location: class com.rustbuilder.util.GridPlacementUtils.Placement
[ERROR] /D:/project/src/main/java/com/rustbuilder/util/GridPlacementUtils.java:[27,63] cannot find symbol
  symbol:   class Orientation
  location: class com.rustbuilder.util.GridPlacementUtils.Placement
[ERROR] /D:/project/src/main/java/com/rustbuilder/util/GridPlacementUtils.java:[159,40] cannot find symbol
  symbol:   class BuildingType
  location: class com.rustbuilder.util.GridPlacementUtils
[ERROR] /D:/project/src/main/java/com/rustbuilder/util/GridPlacementUtils.java:[165,57] cannot find symbol
  symbol:   class BuildingType
  location: class com.rustbuilder.util.GridPlacementUtils
[ERROR] /D:/project/src/main/java/com/rustbuilder/util/GridPlacementUtils.java:[165,20] cannot find symbol
  symbol:   class Orientation
  location: class com.rustbuilder.util.GridPlacementUtils
[ERROR] /D:/project/src/main/java/com/rustbuilder/util/GridPlacementUtils.java:[175,20] cannot find symbol
  symbol:   class BuildingBlock
  location: class com.rustbuilder.util.GridPlacementUtils
[ERROR] /D:/project/src/main/java/com/rustbuilder/model/structure/Door.java:[12,27] cannot find symbol
  symbol: class BuildingBlock
[ERROR] /D:/project/src/main/java/com/rustbuilder/model/structure/Door.java:[14,13] cannot find symbol
  symbol:   class Orientation
  location: class com.rustbuilder.model.structure.Door
[ERROR] /D:/project/src/main/java/com/rustbuilder/model/structure/Door.java:[15,13] cannot find symbol
  symbol:   class DoorType
  location: class com.rustbuilder.model.structure.Door
[ERROR] /D:/project/src/main/java/com/rustbuilder/model/structure/Door.java:[17,44] cannot find symbol
  symbol:   class Orientation
  location: class com.rustbuilder.model.structure.Door
[ERROR] /D:/project/src/main/java/com/rustbuilder/model/structure/Door.java:[17,69] cannot find symbol
  symbol:   class DoorType
  location: class com.rustbuilder.model.structure.Door
[ERROR] /D:/project/src/main/java/com/rustbuilder/model/structure/Door.java:[24,12] cannot find symbol
  symbol:   class Orientation
  location: class com.rustbuilder.model.structure.Door
[ERROR] /D:/project/src/main/java/com/rustbuilder/model/structure/Door.java:[28,32] cannot find symbol
  symbol:   class Orientation
  location: class com.rustbuilder.model.structure.Door
[ERROR] /D:/project/src/main/java/com/rustbuilder/model/structure/Door.java:[32,12] cannot find symbol
  symbol:   class DoorType
  location: class com.rustbuilder.model.structure.Door
[ERROR] /D:/project/src/main/java/com/rustbuilder/model/structure/Door.java:[36,29] cannot find symbol
  symbol:   class DoorType
  location: class com.rustbuilder.model.structure.Door
[ERROR] /D:/project/src/main/java/com/rustbuilder/model/structure/Door.java:[88,20] cannot find symbol
  symbol:   class Socket
  location: class com.rustbuilder.model.structure.Door
[ERROR] /D:/project/src/main/java/com/rustbuilder/service/graph/HouseGraph.java:[154,29] incompatible types: com.rustbuilder.model.core.BuildingBlock cannot be converted to com.rustbuilder.model.structure.Wall
[ERROR] /D:/project/src/main/java/com/rustbuilder/service/graph/HouseGraph.java:[155,51] incompatible types: com.rustbuilder.model.core.BuildingBlock cannot be converted to com.rustbuilder.model.structure.Wall
[ERROR] /D:/project/src/main/java/com/rustbuilder/service/graph/HouseGraph.java:[199,25] incompatible types: com.rustbuilder.model.core.BuildingBlock cannot be converted to com.rustbuilder.model.structure.Wall
[ERROR] /D:/project/src/main/java/com/rustbuilder/service/graph/HouseGraph.java:[200,42] incompatible types: com.rustbuilder.model.core.BuildingBlock cannot be converted to com.rustbuilder.model.structure.Wall
[ERROR] /D:/project/src/main/java/com/rustbuilder/service/evaluator/RaidResistanceEvaluator.java:[255,13] incompatible types: com.rustbuilder.model.core.BuildingBlock cannot be converted to com.rustbuilder.model.structure.Wall
[ERROR] /D:/project/src/main/java/com/rustbuilder/service/evaluator/RaidResistanceEvaluator.java:[256,28] incompatible types: com.rustbuilder.model.core.BuildingBlock cannot be converted to com.rustbuilder.model.structure.Wall
[ERROR] /D:/project/src/main/java/com/rustbuilder/model/GridModel.java:[128,13] incompatible types: com.rustbuilder.model.core.BuildingBlock cannot be converted to com.rustbuilder.model.structure.Wall
[ERROR] /D:/project/src/main/java/com/rustbuilder/model/GridModel.java:[128,34] incompatible types: com.rustbuilder.model.core.BuildingBlock cannot be converted to com.rustbuilder.model.structure.Wall
[ERROR] /D:/project/src/main/java/com/rustbuilder/model/GridModel.java:[129,28] incompatible types: com.rustbuilder.model.core.BuildingBlock cannot be converted to com.rustbuilder.model.structure.Wall
[ERROR] /D:/project/src/main/java/com/rustbuilder/model/GridModel.java:[129,59] incompatible types: com.rustbuilder.model.core.BuildingBlock cannot be converted to com.rustbuilder.model.structure.Wall
[ERROR] /D:/project/src/main/java/com/rustbuilder/model/GridModel.java:[277,21] incompatible types: com.rustbuilder.model.core.BuildingBlock cannot be converted to com.rustbuilder.model.structure.Wall
[ERROR] /D:/project/src/main/java/com/rustbuilder/model/GridModel.java:[277,46] incompatible types: com.rustbuilder.model.core.BuildingBlock cannot be converted to com.rustbuilder.model.structure.Wall
[ERROR] /D:/project/src/main/java/com/rustbuilder/model/GridModel.java:[278,33] incompatible types: com.rustbuilder.model.core.BuildingBlock cannot be converted to com.rustbuilder.model.structure.Wall
[ERROR] /D:/project/src/main/java/com/rustbuilder/model/GridModel.java:[278,67] incompatible types: com.rustbuilder.model.core.BuildingBlock cannot be converted to com.rustbuilder.model.structure.Wall
[ERROR] /D:/project/src/main/java/com/rustbuilder/model/deployable/LootRoom.java:[11,15] cannot find symbol
  symbol:   variable BuildingType
  location: class com.rustbuilder.model.deployable.LootRoom
[ERROR] /D:/project/src/main/java/com/rustbuilder/model/deployable/LootRoom.java:[12,9] cannot find symbol
  symbol:   method setRotation(double)
  location: class com.rustbuilder.model.deployable.LootRoom
[ERROR] /D:/project/src/main/java/com/rustbuilder/model/deployable/LootRoom.java:[15,5] method does not override or implement a method from a supertype
[ERROR] /D:/project/src/main/java/com/rustbuilder/model/deployable/LootRoom.java:[17,23] cannot find symbol
  symbol:   class ResourceType
  location: class com.rustbuilder.model.deployable.LootRoom
[ERROR] /D:/project/src/main/java/com/rustbuilder/model/deployable/LootRoom.java:[18,18] cannot find symbol
  symbol:   variable ResourceType
  location: class com.rustbuilder.model.deployable.LootRoom
[ERROR] /D:/project/src/main/java/com/rustbuilder/model/deployable/LootRoom.java:[19,18] cannot find symbol
  symbol:   variable ResourceType
  location: class com.rustbuilder.model.deployable.LootRoom
[ERROR] /D:/project/src/main/java/com/rustbuilder/model/deployable/LootRoom.java:[20,13] cannot find symbol
  symbol: variable buildCost
[ERROR] /D:/project/src/main/java/com/rustbuilder/model/deployable/LootRoom.java:[23,5] method does not override or implement a method from a supertype
[ERROR] /D:/project/src/main/java/com/rustbuilder/model/deployable/LootRoom.java:[28,5] method does not override or implement a method from a supertype
[ERROR] /D:/project/src/main/java/com/rustbuilder/model/deployable/LootRoom.java:[33,5] method does not override or implement a method from a supertype
[ERROR] /D:/project/src/main/java/com/rustbuilder/model/deployable/LootRoom.java:[38,5] method does not override or implement a method from a supertype
[ERROR] /D:/project/src/main/java/com/rustbuilder/model/deployable/LootRoom.java:[41,21] cannot find symbol
  symbol:   method getX()
  location: class com.rustbuilder.model.deployable.LootRoom
[ERROR] /D:/project/src/main/java/com/rustbuilder/model/deployable/LootRoom.java:[42,21] cannot find symbol
  symbol:   method getY()
  location: class com.rustbuilder.model.deployable.LootRoom
[ERROR] /D:/project/src/main/java/com/rustbuilder/ui/GameCanvas.java:[187,21] cannot find symbol
  symbol:   method setRotation(double)
  location: variable tempWall of type com.rustbuilder.model.structure.Wall
[ERROR] /D:/project/src/main/java/com/rustbuilder/ui/GameCanvas.java:[188,39] cannot find symbol
  symbol:   method getPolygonPoints()
  location: variable tempWall of type com.rustbuilder.model.structure.Wall
[ERROR] /D:/project/src/main/java/com/rustbuilder/ui/GameCanvas.java:[210,21] cannot find symbol
  symbol:   method setRotation(double)
  location: variable tempWall of type com.rustbuilder.model.structure.Wall
[ERROR] /D:/project/src/main/java/com/rustbuilder/ui/GameCanvas.java:[211,39] cannot find symbol
  symbol:   method getPolygonPoints()
  location: variable tempWall of type com.rustbuilder.model.structure.Wall
[ERROR] /D:/project/src/main/java/com/rustbuilder/ui/GameCanvas.java:[306,17] incompatible types: com.rustbuilder.model.core.BuildingBlock cannot be converted to com.rustbuilder.model.structure.Wall
[ERROR] /D:/project/src/main/java/com/rustbuilder/ui/GameCanvas.java:[406,17] incompatible types: com.rustbuilder.model.core.BuildingBlock cannot be converted to com.rustbuilder.model.structure.Door
[ERROR] /D:/project/src/main/java/com/rustbuilder/ui/GameCanvas.java:[407,100] incompatible types: com.rustbuilder.model.core.BuildingBlock cannot be converted to com.rustbuilder.model.structure.Door
[ERROR] /D:/project/src/main/java/com/rustbuilder/ui/GameCanvas.java:[410,25] cannot find symbol
  symbol:   method setRotation(double)
  location: variable tempWall of type com.rustbuilder.model.structure.Wall
[ERROR] /D:/project/src/main/java/com/rustbuilder/ui/GameCanvas.java:[411,43] cannot find symbol
  symbol:   method getPolygonPoints()
  location: variable tempWall of type com.rustbuilder.model.structure.Wall
[ERROR] /D:/project/src/main/java/com/rustbuilder/ui/GameCanvas.java:[534,24] incompatible types: com.rustbuilder.model.core.BuildingBlock cannot be converted to com.rustbuilder.model.structure.Wall
[ERROR] /D:/project/src/main/java/com/rustbuilder/service/physics/SnappingService.java:[141,49] incompatible types: com.rustbuilder.model.core.BuildingBlock cannot be converted to com.rustbuilder.model.structure.Wall
[ERROR] /D:/project/src/main/java/com/rustbuilder/service/physics/SnappingService.java:[143,48] incompatible types: com.rustbuilder.model.core.BuildingBlock cannot be converted to com.rustbuilder.model.structure.Wall
[ERROR] /D:/project/src/main/java/com/rustbuilder/service/physics/SnappingService.java:[217,71] incompatible types: com.rustbuilder.model.core.BuildingBlock cannot be converted to com.rustbuilder.model.structure.Wall
[ERROR] /D:/project/src/main/java/com/rustbuilder/service/physics/SnappingService.java:[218,43] incompatible types: com.rustbuilder.model.core.BuildingBlock cannot be converted to com.rustbuilder.model.structure.Wall
[ERROR] /D:/project/src/main/java/com/rustbuilder/service/physics/SnappingService.java:[219,37] cannot find symbol
  symbol:   method getX()
  location: variable doorway of type com.rustbuilder.model.structure.Wall
[ERROR] /D:/project/src/main/java/com/rustbuilder/service/physics/SnappingService.java:[220,37] cannot find symbol
  symbol:   method getY()
  location: variable doorway of type com.rustbuilder.model.structure.Wall
[ERROR] /D:/project/src/main/java/com/rustbuilder/service/physics/SnappingService.java:[221,44] cannot find symbol
  symbol:   method getRotation()
  location: variable doorway of type com.rustbuilder.model.structure.Wall
[ERROR] /D:/project/src/main/java/com/rustbuilder/controller/GameController.java:[239,21] incompatible types: com.rustbuilder.model.structure.Foundation cannot be converted to com.rustbuilder.model.core.BuildingBlock
[ERROR] /D:/project/src/main/java/com/rustbuilder/controller/GameController.java:[241,21] incompatible types: com.rustbuilder.model.structure.TriangleFoundation cannot be converted to com.rustbuilder.model.core.BuildingBlock
[ERROR] /D:/project/src/main/java/com/rustbuilder/controller/GameController.java:[243,21] incompatible types: com.rustbuilder.model.structure.Wall cannot be converted to com.rustbuilder.model.core.BuildingBlock
[ERROR] /D:/project/src/main/java/com/rustbuilder/controller/GameController.java:[246,21] cannot find symbol
  symbol:   method setType(com.rustbuilder.model.core.BuildingType)
  location: variable doorWall of type com.rustbuilder.model.structure.Wall
[ERROR] /D:/project/src/main/java/com/rustbuilder/controller/GameController.java:[248,21] incompatible types: com.rustbuilder.model.structure.Wall cannot be converted to com.rustbuilder.model.core.BuildingBlock
[ERROR] /D:/project/src/main/java/com/rustbuilder/controller/GameController.java:[250,21] incompatible types: com.rustbuilder.model.structure.Wall cannot be converted to com.rustbuilder.model.core.BuildingBlock
[ERROR] /D:/project/src/main/java/com/rustbuilder/controller/GameController.java:[253,21] incompatible types: com.rustbuilder.model.structure.Floor cannot be converted to com.rustbuilder.model.core.BuildingBlock
[ERROR] /D:/project/src/main/java/com/rustbuilder/controller/GameController.java:[255,21] incompatible types: com.rustbuilder.model.structure.TriangleFloor cannot be converted to com.rustbuilder.model.core.BuildingBlock
[ERROR] /D:/project/src/main/java/com/rustbuilder/controller/GameController.java:[257,21] incompatible types: com.rustbuilder.model.deployable.ToolCupboard cannot be converted to com.rustbuilder.model.core.BuildingBlock
[INFO] 100 errors 
[INFO] -------------------------------------------------------------
[INFO] ------------------------------------------------------------------------
[INFO] BUILD FAILURE
[INFO] ------------------------------------------------------------------------
[INFO] Total time:  5.224 s
[INFO] Finished at: 2026-04-12T21:15:15+03:00
[INFO] ------------------------------------------------------------------------
[ERROR] Failed to execute goal org.apache.maven.plugins:maven-compiler-plugin:3.11.0:compile (default-compile) on project rust-base-builder: Compilation failure: Compilation failure: 
[ERROR] /D:/project/src/main/java/com/rustbuilder/service/evaluator/HouseEvaluator.java:[8,1] package com.rustbuilder.service.snapping does not exist
[ERROR] /D:/project/src/main/java/com/rustbuilder/service/evaluator/RaidResistanceEvaluator.java:[8,1] package com.rustbuilder.service.snapping does not exist
[ERROR] /D:/project/src/main/java/com/rustbuilder/service/graph/NodeKey.java:[8,1] package com.rustbuilder.service.snapping does not exist
[ERROR] /D:/project/src/main/java/com/rustbuilder/service/evaluator/ResourceCostEvaluator.java:[8,1] package com.rustbuilder.service.snapping does not exist
[ERROR] /D:/project/src/main/java/com/rustbuilder/service/evaluator/LogisticsEvaluator.java:[8,1] package com.rustbuilder.service.snapping does not exist
[ERROR] /D:/project/src/main/java/com/rustbuilder/service/graph/HouseGraph.java:[8,1] package com.rustbuilder.service.snapping does not exist
[ERROR] /D:/project/src/main/java/com/rustbuilder/model/deployable/LootRoom.java:[8,31] cannot find symbol
[ERROR]   symbol: class BuildingBlock
[ERROR] /D:/project/src/main/java/com/rustbuilder/model/deployable/LootRoom.java:[34,20] cannot find symbol
[ERROR]   symbol:   class Socket
[ERROR]   location: class com.rustbuilder.model.deployable.LootRoom
[ERROR] /D:/project/src/main/java/com/rustbuilder/model/deployable/Workbench.java:[8,32] cannot find symbol
[ERROR]   symbol: class BuildingBlock
[ERROR] /D:/project/src/main/java/com/rustbuilder/model/deployable/Workbench.java:[34,20] cannot find symbol
[ERROR]   symbol:   class Socket
[ERROR]   location: class com.rustbuilder.model.deployable.Workbench
[ERROR] /D:/project/src/main/java/com/rustbuilder/model/structure/TriangleFloor.java:[7,36] cannot find symbol
[ERROR]   symbol: class BuildingBlock
[ERROR] /D:/project/src/main/java/com/rustbuilder/model/structure/TriangleFloor.java:[46,20] cannot find symbol
[ERROR]   symbol:   class Socket
[ERROR]   location: class com.rustbuilder.model.structure.TriangleFloor
[ERROR] /D:/project/src/main/java/com/rustbuilder/model/structure/Floor.java:[7,28] cannot find symbol
[ERROR]   symbol: class BuildingBlock
[ERROR] /D:/project/src/main/java/com/rustbuilder/model/structure/Floor.java:[46,20] cannot find symbol
[ERROR]   symbol:   class Socket
[ERROR]   location: class com.rustbuilder.model.structure.Floor
[ERROR] /D:/project/src/main/java/com/rustbuilder/ai/rl/multidiscrete/MultiDiscreteDQNAgent.java:[3,36] cannot find symbol
[ERROR]   symbol:   class ExperienceReplay
[ERROR]   location: package com.rustbuilder.ai.rl.legacy
[ERROR] /D:/project/src/main/java/com/rustbuilder/model/structure/TriangleFoundation.java:[7,41] cannot find symbol
[ERROR]   symbol: class BuildingBlock
[ERROR] /D:/project/src/main/java/com/rustbuilder/model/structure/TriangleFoundation.java:[51,20] cannot find symbol
[ERROR]   symbol:   class Socket
[ERROR]   location: class com.rustbuilder.model.structure.TriangleFoundation
[ERROR] /D:/project/src/main/java/com/rustbuilder/model/structure/Foundation.java:[7,33] cannot find symbol
[ERROR]   symbol: class BuildingBlock
[ERROR] /D:/project/src/main/java/com/rustbuilder/model/structure/Foundation.java:[55,20] cannot find symbol
[ERROR]   symbol:   class Socket
[ERROR]   location: class com.rustbuilder.model.structure.Foundation
[ERROR] /D:/project/src/main/java/com/rustbuilder/model/deployable/ToolCupboard.java:[8,35] cannot find symbol
[ERROR]   symbol: class BuildingBlock
[ERROR] /D:/project/src/main/java/com/rustbuilder/model/deployable/ToolCupboard.java:[35,20] cannot find symbol
[ERROR]   symbol:   class Socket
[ERROR]   location: class com.rustbuilder.model.deployable.ToolCupboard
[ERROR] /D:/project/src/main/java/com/rustbuilder/model/structure/Wall.java:[8,27] cannot find symbol
[ERROR]   symbol: class BuildingBlock
[ERROR] /D:/project/src/main/java/com/rustbuilder/model/structure/Wall.java:[10,13] cannot find symbol
[ERROR]   symbol:   class Orientation
[ERROR]   location: class com.rustbuilder.model.structure.Wall
[ERROR] /D:/project/src/main/java/com/rustbuilder/model/structure/Wall.java:[11,13] cannot find symbol
[ERROR]   symbol:   class DoorType
[ERROR]   location: class com.rustbuilder.model.structure.Wall
[ERROR] /D:/project/src/main/java/com/rustbuilder/model/structure/Wall.java:[13,44] cannot find symbol
[ERROR]   symbol:   class Orientation
[ERROR]   location: class com.rustbuilder.model.structure.Wall
[ERROR] /D:/project/src/main/java/com/rustbuilder/model/structure/Wall.java:[18,12] cannot find symbol
[ERROR]   symbol:   class Orientation
[ERROR]   location: class com.rustbuilder.model.structure.Wall
[ERROR] /D:/project/src/main/java/com/rustbuilder/model/structure/Wall.java:[22,32] cannot find symbol
[ERROR]   symbol:   class Orientation
[ERROR]   location: class com.rustbuilder.model.structure.Wall
[ERROR] /D:/project/src/main/java/com/rustbuilder/model/structure/Wall.java:[27,12] cannot find symbol
[ERROR]   symbol:   class DoorType
[ERROR]   location: class com.rustbuilder.model.structure.Wall
[ERROR] /D:/project/src/main/java/com/rustbuilder/model/structure/Wall.java:[31,29] cannot find symbol
[ERROR]   symbol:   class DoorType
[ERROR]   location: class com.rustbuilder.model.structure.Wall
[ERROR] /D:/project/src/main/java/com/rustbuilder/model/structure/Wall.java:[112,20] cannot find symbol
[ERROR]   symbol:   class Socket
[ERROR]   location: class com.rustbuilder.model.structure.Wall
[ERROR] /D:/project/src/main/java/com/rustbuilder/util/GridPlacementUtils.java:[14,16] cannot find symbol
[ERROR]   symbol:   class Orientation
[ERROR]   location: class com.rustbuilder.util.GridPlacementUtils.Placement
[ERROR] /D:/project/src/main/java/com/rustbuilder/util/GridPlacementUtils.java:[18,63] cannot find symbol
[ERROR]   symbol:   class Orientation
[ERROR]   location: class com.rustbuilder.util.GridPlacementUtils.Placement
[ERROR] /D:/project/src/main/java/com/rustbuilder/util/GridPlacementUtils.java:[27,63] cannot find symbol
[ERROR]   symbol:   class Orientation
[ERROR]   location: class com.rustbuilder.util.GridPlacementUtils.Placement
[ERROR] /D:/project/src/main/java/com/rustbuilder/util/GridPlacementUtils.java:[159,40] cannot find symbol
[ERROR]   symbol:   class BuildingType
[ERROR]   location: class com.rustbuilder.util.GridPlacementUtils
[ERROR] /D:/project/src/main/java/com/rustbuilder/util/GridPlacementUtils.java:[165,57] cannot find symbol
[ERROR]   symbol:   class BuildingType
[ERROR]   location: class com.rustbuilder.util.GridPlacementUtils
[ERROR] /D:/project/src/main/java/com/rustbuilder/util/GridPlacementUtils.java:[165,20] cannot find symbol
[ERROR]   symbol:   class Orientation
[ERROR]   location: class com.rustbuilder.util.GridPlacementUtils
[ERROR] /D:/project/src/main/java/com/rustbuilder/util/GridPlacementUtils.java:[175,20] cannot find symbol
[ERROR]   symbol:   class BuildingBlock
[ERROR]   location: class com.rustbuilder.util.GridPlacementUtils
[ERROR] /D:/project/src/main/java/com/rustbuilder/model/structure/Door.java:[12,27] cannot find symbol
[ERROR]   symbol: class BuildingBlock
[ERROR] /D:/project/src/main/java/com/rustbuilder/model/structure/Door.java:[14,13] cannot find symbol
[ERROR]   symbol:   class Orientation
[ERROR]   location: class com.rustbuilder.model.structure.Door
[ERROR] /D:/project/src/main/java/com/rustbuilder/model/structure/Door.java:[15,13] cannot find symbol
[ERROR]   symbol:   class DoorType
[ERROR]   location: class com.rustbuilder.model.structure.Door
[ERROR] /D:/project/src/main/java/com/rustbuilder/model/structure/Door.java:[17,44] cannot find symbol
[ERROR]   symbol:   class Orientation
[ERROR]   location: class com.rustbuilder.model.structure.Door
[ERROR] /D:/project/src/main/java/com/rustbuilder/model/structure/Door.java:[17,69] cannot find symbol
[ERROR]   symbol:   class DoorType
[ERROR]   location: class com.rustbuilder.model.structure.Door
[ERROR] /D:/project/src/main/java/com/rustbuilder/model/structure/Door.java:[24,12] cannot find symbol
[ERROR]   symbol:   class Orientation
[ERROR]   location: class com.rustbuilder.model.structure.Door
[ERROR] /D:/project/src/main/java/com/rustbuilder/model/structure/Door.java:[28,32] cannot find symbol
[ERROR]   symbol:   class Orientation
[ERROR]   location: class com.rustbuilder.model.structure.Door
[ERROR] /D:/project/src/main/java/com/rustbuilder/model/structure/Door.java:[32,12] cannot find symbol
[ERROR]   symbol:   class DoorType
[ERROR]   location: class com.rustbuilder.model.structure.Door
[ERROR] /D:/project/src/main/java/com/rustbuilder/model/structure/Door.java:[36,29] cannot find symbol
[ERROR]   symbol:   class DoorType
[ERROR]   location: class com.rustbuilder.model.structure.Door
[ERROR] /D:/project/src/main/java/com/rustbuilder/model/structure/Door.java:[88,20] cannot find symbol
[ERROR]   symbol:   class Socket
[ERROR]   location: class com.rustbuilder.model.structure.Door
[ERROR] /D:/project/src/main/java/com/rustbuilder/service/graph/HouseGraph.java:[154,29] incompatible types: com.rustbuilder.model.core.BuildingBlock cannot be converted to com.rustbuilder.model.structure.Wall
[ERROR] /D:/project/src/main/java/com/rustbuilder/service/graph/HouseGraph.java:[155,51] incompatible types: com.rustbuilder.model.core.BuildingBlock cannot be converted to com.rustbuilder.model.structure.Wall
[ERROR] /D:/project/src/main/java/com/rustbuilder/service/graph/HouseGraph.java:[199,25] incompatible types: com.rustbuilder.model.core.BuildingBlock cannot be converted to com.rustbuilder.model.structure.Wall
[ERROR] /D:/project/src/main/java/com/rustbuilder/service/graph/HouseGraph.java:[200,42] incompatible types: com.rustbuilder.model.core.BuildingBlock cannot be converted to com.rustbuilder.model.structure.Wall
[ERROR] /D:/project/src/main/java/com/rustbuilder/service/evaluator/RaidResistanceEvaluator.java:[255,13] incompatible types: com.rustbuilder.model.core.BuildingBlock cannot be converted to com.rustbuilder.model.structure.Wall
[ERROR] /D:/project/src/main/java/com/rustbuilder/service/evaluator/RaidResistanceEvaluator.java:[256,28] incompatible types: com.rustbuilder.model.core.BuildingBlock cannot be converted to com.rustbuilder.model.structure.Wall
[ERROR] /D:/project/src/main/java/com/rustbuilder/model/GridModel.java:[128,13] incompatible types: com.rustbuilder.model.core.BuildingBlock cannot be converted to com.rustbuilder.model.structure.Wall
[ERROR] /D:/project/src/main/java/com/rustbuilder/model/GridModel.java:[128,34] incompatible types: com.rustbuilder.model.core.BuildingBlock cannot be converted to com.rustbuilder.model.structure.Wall
[ERROR] /D:/project/src/main/java/com/rustbuilder/model/GridModel.java:[129,28] incompatible types: com.rustbuilder.model.core.BuildingBlock cannot be converted to com.rustbuilder.model.structure.Wall
[ERROR] /D:/project/src/main/java/com/rustbuilder/model/GridModel.java:[129,59] incompatible types: com.rustbuilder.model.core.BuildingBlock cannot be converted to com.rustbuilder.model.structure.Wall
[ERROR] /D:/project/src/main/java/com/rustbuilder/model/GridModel.java:[277,21] incompatible types: com.rustbuilder.model.core.BuildingBlock cannot be converted to com.rustbuilder.model.structure.Wall
[ERROR] /D:/project/src/main/java/com/rustbuilder/model/GridModel.java:[277,46] incompatible types: com.rustbuilder.model.core.BuildingBlock cannot be converted to com.rustbuilder.model.structure.Wall
[ERROR] /D:/project/src/main/java/com/rustbuilder/model/GridModel.java:[278,33] incompatible types: com.rustbuilder.model.core.BuildingBlock cannot be converted to com.rustbuilder.model.structure.Wall
[ERROR] /D:/project/src/main/java/com/rustbuilder/model/GridModel.java:[278,67] incompatible types: com.rustbuilder.model.core.BuildingBlock cannot be converted to com.rustbuilder.model.structure.Wall
[ERROR] /D:/project/src/main/java/com/rustbuilder/model/deployable/LootRoom.java:[11,15] cannot find symbol
[ERROR]   symbol:   variable BuildingType
[ERROR]   location: class com.rustbuilder.model.deployable.LootRoom
[ERROR] /D:/project/src/main/java/com/rustbuilder/model/deployable/LootRoom.java:[12,9] cannot find symbol
[ERROR]   symbol:   method setRotation(double)
[ERROR]   location: class com.rustbuilder.model.deployable.LootRoom
[ERROR] /D:/project/src/main/java/com/rustbuilder/model/deployable/LootRoom.java:[15,5] method does not override or implement a method from a supertype
[ERROR] /D:/project/src/main/java/com/rustbuilder/model/deployable/LootRoom.java:[17,23] cannot find symbol
[ERROR]   symbol:   class ResourceType
[ERROR]   location: class com.rustbuilder.model.deployable.LootRoom
[ERROR] /D:/project/src/main/java/com/rustbuilder/model/deployable/LootRoom.java:[18,18] cannot find symbol
[ERROR]   symbol:   variable ResourceType
[ERROR]   location: class com.rustbuilder.model.deployable.LootRoom
[ERROR] /D:/project/src/main/java/com/rustbuilder/model/deployable/LootRoom.java:[19,18] cannot find symbol
[ERROR]   symbol:   variable ResourceType
[ERROR]   location: class com.rustbuilder.model.deployable.LootRoom
[ERROR] /D:/project/src/main/java/com/rustbuilder/model/deployable/LootRoom.java:[20,13] cannot find symbol
[ERROR]   symbol: variable buildCost
[ERROR] /D:/project/src/main/java/com/rustbuilder/model/deployable/LootRoom.java:[23,5] method does not override or implement a method from a supertype
[ERROR] /D:/project/src/main/java/com/rustbuilder/model/deployable/LootRoom.java:[28,5] method does not override or implement a method from a supertype
[ERROR] /D:/project/src/main/java/com/rustbuilder/model/deployable/LootRoom.java:[33,5] method does not override or implement a method from a supertype
[ERROR] /D:/project/src/main/java/com/rustbuilder/model/deployable/LootRoom.java:[38,5] method does not override or implement a method from a supertype
[ERROR] /D:/project/src/main/java/com/rustbuilder/model/deployable/LootRoom.java:[41,21] cannot find symbol
[ERROR]   symbol:   method getX()
[ERROR]   location: class com.rustbuilder.model.deployable.LootRoom
[ERROR] /D:/project/src/main/java/com/rustbuilder/model/deployable/LootRoom.java:[42,21] cannot find symbol
[ERROR]   symbol:   method getY()
[ERROR]   location: class com.rustbuilder.model.deployable.LootRoom
[ERROR] /D:/project/src/main/java/com/rustbuilder/ui/GameCanvas.java:[187,21] cannot find symbol
[ERROR]   symbol:   method setRotation(double)
[ERROR]   location: variable tempWall of type com.rustbuilder.model.structure.Wall
[ERROR] /D:/project/src/main/java/com/rustbuilder/ui/GameCanvas.java:[188,39] cannot find symbol
[ERROR]   symbol:   method getPolygonPoints()
[ERROR]   location: variable tempWall of type com.rustbuilder.model.structure.Wall
[ERROR] /D:/project/src/main/java/com/rustbuilder/ui/GameCanvas.java:[210,21] cannot find symbol
[ERROR]   symbol:   method setRotation(double)
[ERROR]   location: variable tempWall of type com.rustbuilder.model.structure.Wall
[ERROR] /D:/project/src/main/java/com/rustbuilder/ui/GameCanvas.java:[211,39] cannot find symbol
[ERROR]   symbol:   method getPolygonPoints()
[ERROR]   location: variable tempWall of type com.rustbuilder.model.structure.Wall
[ERROR] /D:/project/src/main/java/com/rustbuilder/ui/GameCanvas.java:[306,17] incompatible types: com.rustbuilder.model.core.BuildingBlock cannot be converted to com.rustbuilder.model.structure.Wall
[ERROR] /D:/project/src/main/java/com/rustbuilder/ui/GameCanvas.java:[406,17] incompatible types: com.rustbuilder.model.core.BuildingBlock cannot be converted to com.rustbuilder.model.structure.Door
[ERROR] /D:/project/src/main/java/com/rustbuilder/ui/GameCanvas.java:[407,100] incompatible types: com.rustbuilder.model.core.BuildingBlock cannot be converted to com.rustbuilder.model.structure.Door
[ERROR] /D:/project/src/main/java/com/rustbuilder/ui/GameCanvas.java:[410,25] cannot find symbol
[ERROR]   symbol:   method setRotation(double)
[ERROR]   location: variable tempWall of type com.rustbuilder.model.structure.Wall
[ERROR] /D:/project/src/main/java/com/rustbuilder/ui/GameCanvas.java:[411,43] cannot find symbol
[ERROR]   symbol:   method getPolygonPoints()
[ERROR]   location: variable tempWall of type com.rustbuilder.model.structure.Wall
[ERROR] /D:/project/src/main/java/com/rustbuilder/ui/GameCanvas.java:[534,24] incompatible types: com.rustbuilder.model.core.BuildingBlock cannot be converted to com.rustbuilder.model.structure.Wall
[ERROR] /D:/project/src/main/java/com/rustbuilder/service/physics/SnappingService.java:[141,49] incompatible types: com.rustbuilder.model.core.BuildingBlock cannot be converted to com.rustbuilder.model.structure.Wall
[ERROR] /D:/project/src/main/java/com/rustbuilder/service/physics/SnappingService.java:[143,48] incompatible types: com.rustbuilder.model.core.BuildingBlock cannot be converted to com.rustbuilder.model.structure.Wall
[ERROR] /D:/project/src/main/java/com/rustbuilder/service/physics/SnappingService.java:[217,71] incompatible types: com.rustbuilder.model.core.BuildingBlock cannot be converted to com.rustbuilder.model.structure.Wall
[ERROR] /D:/project/src/main/java/com/rustbuilder/service/physics/SnappingService.java:[218,43] incompatible types: com.rustbuilder.model.core.BuildingBlock cannot be converted to com.rustbuilder.model.structure.Wall
[ERROR] /D:/project/src/main/java/com/rustbuilder/service/physics/SnappingService.java:[219,37] cannot find symbol
[ERROR]   symbol:   method getX()
[ERROR]   location: variable doorway of type com.rustbuilder.model.structure.Wall
[ERROR] /D:/project/src/main/java/com/rustbuilder/service/physics/SnappingService.java:[220,37] cannot find symbol
[ERROR]   symbol:   method getY()
[ERROR]   location: variable doorway of type com.rustbuilder.model.structure.Wall
[ERROR] /D:/project/src/main/java/com/rustbuilder/service/physics/SnappingService.java:[221,44] cannot find symbol
[ERROR]   symbol:   method getRotation()
[ERROR]   location: variable doorway of type com.rustbuilder.model.structure.Wall
[ERROR] /D:/project/src/main/java/com/rustbuilder/controller/GameController.java:[239,21] incompatible types: com.rustbuilder.model.structure.Foundation cannot be converted to com.rustbuilder.model.core.BuildingBlock
[ERROR] /D:/project/src/main/java/com/rustbuilder/controller/GameController.java:[241,21] incompatible types: com.rustbuilder.model.structure.TriangleFoundation cannot be converted to com.rustbuilder.model.core.BuildingBlock
[ERROR] /D:/project/src/main/java/com/rustbuilder/controller/GameController.java:[243,21] incompatible types: com.rustbuilder.model.structure.Wall cannot be converted to com.rustbuilder.model.core.BuildingBlock
[ERROR] /D:/project/src/main/java/com/rustbuilder/controller/GameController.java:[246,21] cannot find symbol
[ERROR]   symbol:   method setType(com.rustbuilder.model.core.BuildingType)
[ERROR]   location: variable doorWall of type com.rustbuilder.model.structure.Wall
[ERROR] /D:/project/src/main/java/com/rustbuilder/controller/GameController.java:[248,21] incompatible types: com.rustbuilder.model.structure.Wall cannot be converted to com.rustbuilder.model.core.BuildingBlock
[ERROR] /D:/project/src/main/java/com/rustbuilder/controller/GameController.java:[250,21] incompatible types: com.rustbuilder.model.structure.Wall cannot be converted to com.rustbuilder.model.core.BuildingBlock
[ERROR] /D:/project/src/main/java/com/rustbuilder/controller/GameController.java:[253,21] incompatible types: com.rustbuilder.model.structure.Floor cannot be converted to com.rustbuilder.model.core.BuildingBlock
[ERROR] /D:/project/src/main/java/com/rustbuilder/controller/GameController.java:[255,21] incompatible types: com.rustbuilder.model.structure.TriangleFloor cannot be converted to com.rustbuilder.model.core.BuildingBlock
[ERROR] /D:/project/src/main/java/com/rustbuilder/controller/GameController.java:[257,21] incompatible types: com.rustbuilder.model.deployable.ToolCupboard cannot be converted to com.rustbuilder.model.core.BuildingBlock
[ERROR] -> [Help 1]
[ERROR] 
[ERROR] To see the full stack trace of the errors, re-run Maven with the -e switch.
[ERROR] Re-run Maven using the -X switch to enable full debug logging.
[ERROR] 
[ERROR] For more information about the errors and possible solutions, please read the following articles:
[ERROR] [Help 1] http://cwiki.apache.org/confluence/display/MAVEN/MojoFailureException
